I'm sorry, but errors were detected in your script. Please correct the
errors listed below, and try again.


File "game/script.rpy", line 583: expected statement.
    Su: "There! Welcome in!"
      ^

Ren'Py Version: Ren'Py 7.4.10.2178
Mon Jun 13 10:02:46 2022
